// 重构日志: 723949c0
// 重构日志: 9aa58399
// 重构日志: 6a579721
// 重构日志: 513e4b06
// 重构日志: 1b520074
// 同步 ID: b5f85248 @ Sat Jul 25 05:38:42 UTC 2026
// 重构日志: 2966276e
// 重构日志: afa26596
// 重构日志: 3884ec9b
// 同步 ID: fc6eab3a @ Sun Jul 26 01:14:40 UTC 2026
// 同步 ID: 549caf32 @ Sun Jul 26 14:56:46 UTC 2026
// 重构日志: 82eb425c
// 重构日志: 8839e1cc
// 重构日志: ab55c982
// 同步 ID: 02913a58 @ Wed Jul 29 17:42:20 UTC 2026
// 同步 ID: d77aab18 @ Thu Jul 30 03:57:27 UTC 2026
// 重构日志: 8033616c
// 重构日志: 62511e73
// 重构日志: adda08c2
// 同步 ID: fefc3018 @ Thu Jul 30 19:27:22 UTC 2026
// 同步 ID: 78e4c28f @ Thu Jul 30 21:04:35 UTC 2026
// 同步 ID: a9539953 @ Thu Jul 30 22:58:38 UTC 2026
// 同步 ID: c32bc91d @ Fri Jul 31 11:19:48 UTC 2026
// 重构日志: 913dc6c5
// 同步 ID: 29e46904 @ Sat Aug  1 17:52:28 UTC 2026
// 同步 ID: 212932da @ Sun Aug  2 05:39:59 UTC 2026
// 同步 ID: d16ef71e @ Sun Aug  2 08:47:06 UTC 2026
// 重构日志: 786b3136
// 重构日志: c2a089b5
// 同步 ID: 56bb48ee @ Wed Aug  5 01:48:24 UTC 2026
